<?xml version='1.0' encoding='utf-8'?>
<testsuite name="recon-engine" tests="32" failures="0" errors="0" skipped="0" time="0.030" />